* using log directory ‘/Users/jyoda68/Documents/JDCo/olinkWrapper/olinkWrapper.Rcheck’
* using R version 4.5.2 (2025-10-31)
* using platform: x86_64-apple-darwin20
* R was compiled by
    Apple clang version 14.0.0 (clang-1400.0.29.202)
    GNU Fortran (GCC) 14.2.0
* running under: macOS Tahoe 26.3.1
* using session charset: UTF-8
* using option ‘--as-cran’
* checking for file ‘olinkWrapper/DESCRIPTION’ ... OK
* this is package ‘olinkWrapper’ version ‘1.3.0’
* package encoding: UTF-8
* checking CRAN incoming feasibility ... NOTE
Maintainer: ‘Jyotirmoy Das <jyotirmoy21@gmail.com>’

New submission
* checking package namespace information ... OK
* checking package dependencies ... OK
* checking if this is a source package ... OK
* checking if there is a namespace ... OK
* checking for executable files ... OK
* checking for hidden files and directories ... OK
* checking for portable file names ... OK
* checking for sufficient/correct file permissions ... OK
* checking serialization versions ... OK
* checking whether package ‘olinkWrapper’ can be installed ... [31s/38s] WARNING
Found the following significant warnings:
  Warning: replacing previous import ‘broom::bootstrap’ by ‘bslib::bootstrap’ when loading ‘olinkWrapper’
  Warning: replacing previous import ‘lme4::lmer’ by ‘lmerTest::lmer’ when loading ‘olinkWrapper’
  Warning: replacing previous import ‘ggplot2::last_plot’ by ‘plotly::last_plot’ when loading ‘olinkWrapper’
  Warning: replacing previous import ‘clusterProfiler::simplify’ by ‘purrr::simplify’ when loading ‘olinkWrapper’
  Warning: replacing previous import ‘DT::dataTableOutput’ by ‘shiny::dataTableOutput’ when loading ‘olinkWrapper’
  Warning: replacing previous import ‘DT::renderDataTable’ by ‘shiny::renderDataTable’ when loading ‘olinkWrapper’
  Warning: replacing previous import ‘shiny::runExample’ by ‘shinyjs::runExample’ when loading ‘olinkWrapper’
  Warning: replacing previous import ‘lme4::show’ by ‘shinyjs::show’ when loading ‘olinkWrapper’
See ‘/Users/jyoda68/Documents/JDCo/olinkWrapper/olinkWrapper.Rcheck/00install.out’ for details.
* checking installed package size ... OK
* checking package directory ... OK
* checking for future file timestamps ... NOTE
unable to verify current time
* checking DESCRIPTION meta-information ... OK
* checking top-level files ... NOTE
Files ‘README.md’ or ‘NEWS.md’ cannot be checked without ‘pandoc’ being installed.
File
  LICENSE
is not mentioned in the DESCRIPTION file.
* checking for left-over files ... OK
* checking index information ... OK
* checking package subdirectories ... OK
* checking code files for non-ASCII characters ... OK
* checking R files for syntax errors ... OK
* checking whether the package can be loaded ... [24s/32s] OK
* checking whether the package can be loaded with stated dependencies ... [26s/39s] OK
* checking whether the package can be unloaded cleanly ... [16s/19s] OK
* checking whether the namespace can be loaded with stated dependencies ... [16s/20s] OK
* checking whether the namespace can be unloaded cleanly ... [13s/16s] OK
* checking loading without being on the library search path ... [12s/14s] OK
* checking use of S3 registration ... OK
* checking dependencies in R code ... OK
* checking S3 generic/method consistency ... OK
* checking replacement functions ... OK
* checking foreign function calls ... OK
* checking R code for possible problems ... [41s/50s] OK
* checking Rd files ... OK
* checking Rd metadata ... OK
* checking Rd line widths ... OK
* checking Rd cross-references ... OK
* checking for missing documentation entries ... OK
* checking for code/documentation mismatches ... OK
* checking Rd \usage sections ... OK
* checking Rd contents ... OK
* checking for unstated dependencies in examples ... OK
* checking examples ... NONE
* checking PDF version of manual ... [15s/19s] OK
* checking HTML version of manual ... NOTE
Skipping checking HTML validation: 'tidy' doesn't look like recent enough HTML Tidy.
Please obtain a recent version of HTML Tidy by downloading a binary
release or compiling the source code from <https://www.html-tidy.org/>.
* checking for code which exercises the package ... WARNING
No examples, no tests, no vignettes
* checking for non-standard things in the check directory ... OK
* checking for detritus in the temp directory ... OK
* DONE
Status: 2 WARNINGs, 4 NOTEs
